// Jest Snapshot v1, https://goo.gl/fbAQLP

exports[`<App /> Component matches the snapshot 1`] = `
<div
  className="App"
>
  <SortButtons
    sortFolders={[Function]}
  />
  <FilterForm
    handleSubmit={[Function]}
  />
  <FoldersOrFiles
    columnReverse={false}
    filter=""
    handleClick={[Function]}
    sortValue=""
    toggleInformation={false}
  />
</div>
`;
